Email: demo@test.com -> VALID
Email: user@vit.ac.in -> VALID
Email: student@mit.edu -> VALID
Email: invalid@gmail.com -> INVALID: Please enter a valid institutional email
